2024-08-08 04:45:29.509  INFO 1 - [       main] com.epam.healenium.Application   : Starting Application using Java 17.0.8 on cbf657998e32 with PID 1 (/healenium-backend.jar started by root in /) 
2024-08-08 04:45:29.519  INFO 1 - [       main] com.epam.healenium.Application   : No active profile set, falling back to 1 default profile: "default" 
2024-08-08 04:45:31.038  INFO 1 - [       main] .RepositoryConfigurationDelegate : Bootstrapping Spring Data JPA repositories in DEFAULT mode. 
2024-08-08 04:45:31.318  INFO 1 - [       main] .RepositoryConfigurationDelegate : Finished Spring Data repository scanning in 252 ms. Found 4 JPA repository interfaces. 
2024-08-08 04:45:32.244  INFO 1 - [       main] o.s.b.w.e.t.TomcatWebServer      : Tomcat initialized with port(s): 7878 (http) 
2024-08-08 04:45:32.259  INFO 1 - [       main] o.a.c.core.StandardService       : Starting service [Tomcat] 
2024-08-08 04:45:32.261  INFO 1 - [       main] o.a.c.core.StandardEngine        : Starting Servlet engine: [Apache Tomcat/9.0.78] 
2024-08-08 04:45:32.357  INFO 1 - [       main] o.a.c.c.C.[.[localhost].[/]      : Initializing Spring embedded WebApplicationContext 
2024-08-08 04:45:32.359  INFO 1 - [       main] rvletWebServerApplicationContext : Root WebApplicationContext: initialization completed in 2732 ms 
2024-08-08 04:45:32.884  INFO 1 - [       main] c.z.hikari.HikariDataSource      : HikariPool-1 - Starting... 
2024-08-08 04:45:33.038  INFO 1 - [       main] c.z.hikari.HikariDataSource      : HikariPool-1 - Start completed. 
2024-08-08 04:45:33.199  INFO 1 - [       main] liquibase.database               : Set default schema name to healenium 
2024-08-08 04:45:33.414  INFO 1 - [       main] liquibase.lockservice            : Successfully acquired change log lock 
2024-08-08 04:45:35.021  INFO 1 - [       main] liquibase.changelog              : Creating database history table with name: healenium.databasechangelog 
2024-08-08 04:45:35.057  INFO 1 - [       main] liquibase.changelog              : Reading from healenium.databasechangelog 
2024-08-08 04:45:35.439  INFO 1 - [       main] liquibase.command                : Using deploymentId: 3081535086 
2024-08-08 04:45:35.444  INFO 1 - [       main] liquibase.changelog              : Reading from healenium.databasechangelog 
2024-08-08 04:45:35.570  INFO 1 - [       main] liquibase.changelog              : Sequence healing_result_seq created 
2024-08-08 04:45:35.588  INFO 1 - [       main] liquibase.changelog              : ChangeSet changelog/001_createSequence.xml::3::nkobzev ran successfully in 30ms 
2024-08-08 04:45:35.655  INFO 1 - [       main] liquibase.changelog              : Table SELECTOR created 
2024-08-08 04:45:35.667  INFO 1 - [       main] liquibase.changelog              : ChangeSet changelog/002_selector.xml::5::nkobzev ran successfully in 50ms 
2024-08-08 04:45:35.756  INFO 1 - [       main] liquibase.changelog              : Index SELECTOR_PK created 
2024-08-08 04:45:35.761  INFO 1 - [       main] liquibase.changelog              : ChangeSet changelog/002_selector.xml::6::nkobzev ran successfully in 80ms 
2024-08-08 04:45:35.810  INFO 1 - [       main] liquibase.changelog              : Table HEALING created 
2024-08-08 04:45:35.816  INFO 1 - [       main] liquibase.changelog              : ChangeSet changelog/003_healing.xml::7::nkobzev ran successfully in 35ms 
2024-08-08 04:45:35.906  INFO 1 - [       main] liquibase.changelog              : Index HEALING_PK created 
2024-08-08 04:45:35.913  INFO 1 - [       main] liquibase.changelog              : Foreign key constraint added to HEALING (SELECTOR_ID) 
2024-08-08 04:45:35.924  INFO 1 - [       main] liquibase.changelog              : ChangeSet changelog/003_healing.xml::8::nkobzev ran successfully in 88ms 
2024-08-08 04:45:35.978  INFO 1 - [       main] liquibase.changelog              : Table HEALING_RESULT created 
2024-08-08 04:45:35.985  INFO 1 - [       main] liquibase.changelog              : ChangeSet changelog/004_healingResult.xml::9::nkobzev ran successfully in 27ms 
2024-08-08 04:45:36.064  INFO 1 - [       main] liquibase.changelog              : Index HEALING_RESULT_PK created 
2024-08-08 04:45:36.071  INFO 1 - [       main] liquibase.changelog              : Foreign key constraint added to HEALING_RESULT (HEALING_ID) 
2024-08-08 04:45:36.081  INFO 1 - [       main] liquibase.changelog              : ChangeSet changelog/004_healingResult.xml::10::nkobzev ran successfully in 74ms 
2024-08-08 04:45:36.129  INFO 1 - [       main] liquibase.changelog              : Table REPORT created 
2024-08-08 04:45:36.136  INFO 1 - [       main] liquibase.changelog              : ChangeSet changelog/005_report.xml::11::nkobzev ran successfully in 34ms 
2024-08-08 04:45:36.207  INFO 1 - [       main] liquibase.changelog              : Index REPORT_PK created 
2024-08-08 04:45:36.215  INFO 1 - [       main] liquibase.changelog              : ChangeSet changelog/005_report.xml::12::nkobzev ran successfully in 69ms 
2024-08-08 04:45:36.245  INFO 1 - [       main] liquibase.changelog              : Columns COMMAND(VARCHAR(264)),ENABLE_HEALING(BOOLEAN) added to SELECTOR 
2024-08-08 04:45:36.252  INFO 1 - [       main] liquibase.changelog              : ChangeSet changelog/006_command_and_healingenable_column.xml::13::nkobzev ran successfully in 18ms 
2024-08-08 04:45:36.267  INFO 1 - [       main] liquibase.util                   : UPDATE SUMMARY 
2024-08-08 04:45:36.270  INFO 1 - [       main] liquibase.util                   : Run:                         10 
2024-08-08 04:45:36.272  INFO 1 - [       main] liquibase.util                   : Previously run:               0 
2024-08-08 04:45:36.274  INFO 1 - [       main] liquibase.util                   : Filtered out:                 0 
2024-08-08 04:45:36.277  INFO 1 - [       main] liquibase.util                   : ------------------------------- 
2024-08-08 04:45:36.280  INFO 1 - [       main] liquibase.util                   : Total change sets:           10\n  
2024-08-08 04:45:36.288  INFO 1 - [       main] liquibase.util                   : Update summary generated 
2024-08-08 04:45:36.290  INFO 1 - [       main] liquibase.command                : Update command completed successfully. 
2024-08-08 04:45:36.304  INFO 1 - [       main] liquibase.lockservice            : Successfully released change log lock 
2024-08-08 04:45:36.320  INFO 1 - [       main] liquibase.lockservice            : Successfully released change log lock 
2024-08-08 04:45:36.325  INFO 1 - [       main] liquibase.command                : Command execution complete 
2024-08-08 04:45:36.723  INFO 1 - [       main] o.h.j.internal.util.LogHelper    : HHH000204: Processing PersistenceUnitInfo [name: default] 
2024-08-08 04:45:36.936  INFO 1 - [       main] org.hibernate.Version            : HHH000412: Hibernate ORM core version 5.6.15.Final 
2024-08-08 04:45:37.633  INFO 1 - [       main] o.h.annotations.common.Version   : HCANN000001: Hibernate Commons Annotations {5.1.2.Final} 
2024-08-08 04:45:38.082  INFO 1 - [       main] org.hibernate.dialect.Dialect    : HHH000400: Using dialect: org.hibernate.dialect.PostgreSQLDialect 
2024-08-08 04:45:40.685  WARN 1 - [       main] o.h.m.internal.MetadataContext   : HHH015011: Unable to locate static metamodel field : com.epam.healenium.model.domain.Selector_#nodePathWrapper; this may or may not indicate a problem with the static metamodel 
2024-08-08 04:45:40.722  INFO 1 - [       main] h.e.t.j.p.i.JtaPlatformInitiator : HHH000490: Using JtaPlatform implementation: [org.hibernate.engine.transaction.jta.platform.internal.NoJtaPlatform] 
2024-08-08 04:45:40.759  INFO 1 - [       main] ontainerEntityManagerFactoryBean : Initialized JPA EntityManagerFactory for persistence unit 'default' 
2024-08-08 04:45:43.377  INFO 1 - [       main] .a.w.s.WelcomePageHandlerMapping : Adding welcome page template: index 
2024-08-08 04:45:43.928  INFO 1 - [       main] .s.b.a.e.w.EndpointLinksResolver : Exposing 1 endpoint(s) beneath base path '/actuator' 
2024-08-08 04:45:43.990  INFO 1 - [       main] o.s.b.w.e.t.TomcatWebServer      : Tomcat started on port(s): 7878 (http) with context path '' 
2024-08-08 04:45:44.103  INFO 1 - [       main] com.epam.healenium.Application   : Started Application in 17.209 seconds (JVM running for 19.023) 
2024-08-08 04:49:21.427  INFO 1 - [7878-exec-1] o.a.c.c.C.[.[localhost].[/]      : Initializing Spring DispatcherServlet 'dispatcherServlet' 
2024-08-08 04:49:21.429  INFO 1 - [7878-exec-1] o.s.w.s.DispatcherServlet        : Initializing Servlet 'dispatcherServlet' 
2024-08-08 04:49:21.430  INFO 1 - [7878-exec-1] o.s.w.s.DispatcherServlet        : Completed initialization in 1 ms 
2024-08-08 04:49:21.485  INFO 1 - [7878-exec-1] healenium                        : [Get Reference] Request: RequestDto(locator=null, className=null, methodName=null, command=null, url=null)) 
2024-08-08 04:49:21.506 ERROR 1 - [7878-exec-1] .c.c.C.[.[.[.[dispatcherServlet] : Servlet.service() for servlet [dispatcherServlet] in context with path [] threw exception [Request processing failed; nested exception is java.lang.NullPointerException: Cannot invoke "String.hashCode()" because "locator" is null] with root cause java.lang.NullPointerException: Cannot invoke "String.hashCode()" because "locator" is null\n 	at com.epam.healenium.util.Utils.buildKey(Utils.java:27)\n 	at com.epam.healenium.service.impl.SelectorServiceImpl.getSelectorId(SelectorServiceImpl.java:105)\n 	at com.epam.healenium.service.impl.SelectorServiceImpl.getReferenceElements(SelectorServiceImpl.java:67)\n 	at com.epam.healenium.service.impl.SelectorServiceImpl$$FastClassBySpringCGLIB$$e2919ea9.invoke(<generated>)\n 	at org.springframework.cglib.proxy.MethodProxy.invoke(MethodProxy.java:218)\n 	at org.springframework.aop.framework.CglibAopProxy$CglibMethodInvocation.invokeJoinpoint(CglibAopProxy.java:793)\n 	at org.springframework.aop.framework.ReflectiveMethodInvocation.proceed(ReflectiveMethodInvocation.java:163)\n 	at org.springframework.aop.framework.CglibAopProxy$CglibMethodInvocation.proceed(CglibAopProxy.java:763)\n 	at org.springframework.transaction.interceptor.TransactionInterceptor$1.proceedWithInvocation(TransactionInterceptor.java:123)\n 	at org.springframework.transaction.interceptor.TransactionAspectSupport.invokeWithinTransaction(TransactionAspectSupport.java:388)\n 	at org.springframework.transaction.interceptor.TransactionInterceptor.invoke(TransactionInterceptor.java:119)\n 	at org.springframework.aop.framework.ReflectiveMethodInvocation.proceed(ReflectiveMethodInvocation.java:186)\n 	at org.springframework.aop.framework.CglibAopProxy$CglibMethodInvocation.proceed(CglibAopProxy.java:763)\n 	at org.springframework.aop.framework.CglibAopProxy$DynamicAdvisedInterceptor.intercept(CglibAopProxy.java:708)\n 	at com.epam.healenium.service.impl.SelectorServiceImpl$$EnhancerBySpringCGLIB$$eb44f4c7.getReferenceElements(<generated>)\n 	at com.epam.healenium.controller.HealingController.getReferenceElements(HealingController.java:63)\n 	at java.base/jdk.internal.reflect.NativeMethodAccessorImpl.invoke0(Native Method)\n 	at java.base/jdk.internal.reflect.NativeMethodAccessorImpl.invoke(NativeMethodAccessorImpl.java:77)\n 	at java.base/jdk.internal.reflect.DelegatingMethodAccessorImpl.invoke(DelegatingMethodAccessorImpl.java:43)\n 	at java.base/java.lang.reflect.Method.invoke(Method.java:568)\n 	at org.springframework.web.method.support.InvocableHandlerMethod.doInvoke(InvocableHandlerMethod.java:205)\n 	at org.springframework.web.method.support.InvocableHandlerMethod.invokeForRequest(InvocableHandlerMethod.java:150)\n 	at org.springframework.web.servlet.mvc.method.annotation.ServletInvocableHandlerMethod.invokeAndHandle(ServletInvocableHandlerMethod.java:117)\n 	at org.springframework.web.servlet.mvc.method.annotation.RequestMappingHandlerAdapter.invokeHandlerMethod(RequestMappingHandlerAdapter.java:895)\n 	at org.springframework.web.servlet.mvc.method.annotation.RequestMappingHandlerAdapter.handleInternal(RequestMappingHandlerAdapter.java:808)\n 	at org.springframework.web.servlet.mvc.method.AbstractHandlerMethodAdapter.handle(AbstractHandlerMethodAdapter.java:87)\n 	at org.springframework.web.servlet.DispatcherServlet.doDispatch(DispatcherServlet.java:1072)\n 	at org.springframework.web.servlet.DispatcherServlet.doService(DispatcherServlet.java:965)\n 	at org.springframework.web.servlet.FrameworkServlet.processRequest(FrameworkServlet.java:1006)\n 	at org.springframework.web.servlet.FrameworkServlet.doGet(FrameworkServlet.java:898)\n 	at javax.servlet.http.HttpServlet.service(HttpServlet.java:529)\n 	at org.springframework.web.servlet.FrameworkServlet.service(FrameworkServlet.java:883)\n 	at javax.servlet.http.HttpServlet.service(HttpServlet.java:623)\n 	at org.apache.catalina.core.ApplicationFilterChain.internalDoFilter(ApplicationFilterChain.java:209)\n 	at org.apache.catalina.core.ApplicationFilterChain.doFilter(ApplicationFilterChain.java:153)\n 	at org.apache.tomcat.websocket.server.WsFilter.doFilter(WsFilter.java:51)\n 	at org.apache.catalina.core.ApplicationFilterChain.internalDoFilter(ApplicationFilterChain.java:178)\n 	at org.apache.catalina.core.ApplicationFilterChain.doFilter(ApplicationFilterChain.java:153)\n 	at org.springframework.web.filter.RequestContextFilter.doFilterInternal(RequestContextFilter.java:100)\n 	at org.springframework.web.filter.OncePerRequestFilter.doFilter(OncePerRequestFilter.java:117)\n 	at org.apache.catalina.core.ApplicationFilterChain.internalDoFilter(ApplicationFilterChain.java:178)\n 	at org.apache.catalina.core.ApplicationFilterChain.doFilter(ApplicationFilterChain.java:153)\n 	at org.springframework.web.filter.FormContentFilter.doFilterInternal(FormContentFilter.java:93)\n 	at org.springframework.web.filter.OncePerRequestFilter.doFilter(OncePerRequestFilter.java:117)\n 	at org.apache.catalina.core.ApplicationFilterChain.internalDoFilter(ApplicationFilterChain.java:178)\n 	at org.apache.catalina.core.ApplicationFilterChain.doFilter(ApplicationFilterChain.java:153)\n 	at org.springframework.boot.actuate.metrics.web.servlet.WebMvcMetricsFilter.doFilterInternal(WebMvcMetricsFilter.java:96)\n 	at org.springframework.web.filter.OncePerRequestFilter.doFilter(OncePerRequestFilter.java:117)\n 	at org.apache.catalina.core.ApplicationFilterChain.internalDoFilter(ApplicationFilterChain.java:178)\n 	at org.apache.catalina.core.ApplicationFilterChain.doFilter(ApplicationFilterChain.java:153)\n 	at org.springframework.web.filter.CharacterEncodingFilter.doFilterInternal(CharacterEncodingFilter.java:201)\n 	at org.springframework.web.filter.OncePerRequestFilter.doFilter(OncePerRequestFilter.java:117)\n 	at org.apache.catalina.core.ApplicationFilterChain.internalDoFilter(ApplicationFilterChain.java:178)\n 	at org.apache.catalina.core.ApplicationFilterChain.doFilter(ApplicationFilterChain.java:153)\n 	at org.apache.catalina.core.StandardWrapperValve.invoke(StandardWrapperValve.java:167)\n 	at org.apache.catalina.core.StandardContextValve.invoke(StandardContextValve.java:90)\n 	at org.apache.catalina.authenticator.AuthenticatorBase.invoke(AuthenticatorBase.java:481)\n 	at org.apache.catalina.core.StandardHostValve.invoke(StandardHostValve.java:130)\n 	at org.apache.catalina.valves.ErrorReportValve.invoke(ErrorReportValve.java:93)\n 	at org.apache.catalina.core.StandardEngineValve.invoke(StandardEngineValve.java:74)\n 	at org.apache.catalina.connector.CoyoteAdapter.service(CoyoteAdapter.java:343)\n 	at org.apache.coyote.http11.Http11Processor.service(Http11Processor.java:390)\n 	at org.apache.coyote.AbstractProcessorLight.process(AbstractProcessorLight.java:63)\n 	at org.apache.coyote.AbstractProtocol$ConnectionHandler.process(AbstractProtocol.java:926)\n 	at org.apache.tomcat.util.net.NioEndpoint$SocketProcessor.doRun(NioEndpoint.java:1791)\n 	at org.apache.tomcat.util.net.SocketProcessorBase.run(SocketProcessorBase.java:52)\n 	at org.apache.tomcat.util.threads.ThreadPoolExecutor.runWorker(ThreadPoolExecutor.java:1191)\n 	at org.apache.tomcat.util.threads.ThreadPoolExecutor$Worker.run(ThreadPoolExecutor.java:659)\n 	at org.apache.tomcat.util.threads.TaskThread$WrappingRunnable.run(TaskThread.java:61)\n 	at java.base/java.lang.Thread.run(Thread.java:833)\n 
2024-08-08 04:59:29.163  INFO 1 - [7878-exec-1] healenium                        : [Save Elements] Request: By.id(change_id) 
2024-08-08 04:59:29.301  INFO 1 - [7878-exec-2] healenium                        : [Save Elements] Request: By.className(test_class) 
2024-08-08 04:59:29.390  INFO 1 - [7878-exec-3] healenium                        : [Save Elements] Request: By.xpath(//*[@id="Submit"]/span/i) 
2024-08-08 04:59:34.527  INFO 1 - [7878-exec-4] healenium                        : [Get Reference] Request: RequestDto(locator=change_id, className=tests.TestHealenium, methodName=test, command=findElement, url=https://elenastepuro.github.io/test_env/index.html)) 
2024-08-08 04:59:40.617  INFO 1 - [7878-exec-6] healenium                        : [Get Reference] Request: RequestDto(locator=test_class, className=tests.TestHealenium, methodName=test, command=findElement, url=https://elenastepuro.github.io/test_env/index.html)) 
2024-08-08 05:07:48.301  INFO 1 - [7878-exec-9] healenium                        : [Save Elements] Request: By.id(change_id) 
2024-08-08 05:07:48.433  INFO 1 - [878-exec-10] healenium                        : [Save Elements] Request: By.className(test_class) 
2024-08-08 05:07:48.524  INFO 1 - [7878-exec-1] healenium                        : [Save Elements] Request: By.xpath(//*[@id="Submit"]/span/i) 
2024-08-08 05:07:53.630  INFO 1 - [7878-exec-3] healenium                        : [Get Reference] Request: RequestDto(locator=change_id, className=tests.TestHealenium, methodName=test, command=findElement, url=https://elenastepuro.github.io/test_env/index.html)) 
2024-08-08 05:07:58.990  INFO 1 - [7878-exec-4] healenium                        : [Get Reference] Request: RequestDto(locator=test_class, className=tests.TestHealenium, methodName=test, command=findElement, url=https://elenastepuro.github.io/test_env/index.html)) 
2024-08-08 05:10:31.325  INFO 1 - [7878-exec-7] healenium                        : [Save Elements] Request: By.id(change_id) 
2024-08-08 05:10:36.701  INFO 1 - [7878-exec-9] healenium                        : [Save Elements] Request: By.className(test_class) 
2024-08-08 05:10:51.329  INFO 1 - [878-exec-10] healenium                        : [Save Elements] Request: By.xpath(//*[@id="Submit"]/span/i) 
2024-08-08 05:11:03.135  INFO 1 - [7878-exec-1] healenium                        : [Get Reference] Request: RequestDto(locator=change_id, className=tests.TestHealenium, methodName=test, command=findElement, url=https://elenastepuro.github.io/test_env/index.html)) 
2024-08-08 05:11:28.476  INFO 1 - [7878-exec-2] healenium                        : [Get Reference] Request: RequestDto(locator=test_class, className=tests.TestHealenium, methodName=test, command=findElement, url=https://elenastepuro.github.io/test_env/index.html)) 
2024-08-08 05:15:06.657  INFO 1 - [hutdownHook] ontainerEntityManagerFactoryBean : Closing JPA EntityManagerFactory for persistence unit 'default' 
2024-08-08 05:15:06.661  INFO 1 - [hutdownHook] c.z.hikari.HikariDataSource      : HikariPool-1 - Shutdown initiated... 
2024-08-08 05:15:06.664  INFO 1 - [hutdownHook] c.z.hikari.HikariDataSource      : HikariPool-1 - Shutdown completed. 
